// Jest Snapshot v1, https://goo.gl/fbAQLP

exports[`renders correctly 1`] = `
<div
  className="center w-60"
>
  <h1>
    About
  </h1>
  <img
    align="left"
    alt="About Pic"
    src="about-me.jpg"
    style={
      Object {
        "paddingRight": "30px",
      }
    }
    width="20%"
  />
  <div>
    <p
      className="f5 lh-copy w-100 tl"
    >
      
    </p>
    <p
      className="f5 lh-copy w-100 tl"
    >
                      
    </p>
    <p
      className="f5 lh-copy w-100 tl"
    >
                  
    </p>
  </div>
</div>
`;
